// Jest Snapshot v1, https://goo.gl/fbAQLP

exports[`Data control renders correct grid renders correctly 1`] = `
<Fragment>
  <WithStyles(ForwardRef(Table))
    aria-label="simple table"
  >
    <WithStyles(ForwardRef(TableHead))>
      <WithStyles(ForwardRef(TableRow))>
        <WithStyles(ForwardRef(TableCell))
          align="right"
          className="DataControl-psm-1"
        >
          X[0]
        </WithStyles(ForwardRef(TableCell))>
        <WithStyles(ForwardRef(TableCell))
          align="right"
          className="DataControl-psm-1"
        >
          X[1]
        </WithStyles(ForwardRef(TableCell))>
        <WithStyles(ForwardRef(TableCell))
          align="right"
          className="DataControl-borderRight-21 DataControl-psm-1"
        >
          y
        </WithStyles(ForwardRef(TableCell))>
        <WithStyles(ForwardRef(TableCell))
          align="right"
          className="DataControl-psm-1"
        >
          s[0]
        </WithStyles(ForwardRef(TableCell))>
        <WithStyles(ForwardRef(TableCell))
          align="right"
          className="DataControl-psm-1"
        >
          s[1]
        </WithStyles(ForwardRef(TableCell))>
        <WithStyles(ForwardRef(TableCell))
          align="right"
          className="DataControl-borderRight-21 DataControl-psm-1"
        >
          s[3]
        </WithStyles(ForwardRef(TableCell))>
        <WithStyles(ForwardRef(TableCell))
          align="right"
          className="DataControl-psm-1"
        >
          L
        </WithStyles(ForwardRef(TableCell))>
      </WithStyles(ForwardRef(TableRow))>
    </WithStyles(ForwardRef(TableHead))>
    <WithStyles(ForwardRef(TableBody))>
      <WithStyles(ForwardRef(TableRow))
        data-table-data-row="1"
        key="data-row0"
      >
        <WithStyles(ForwardRef(TableCell))
          align="right"
          className="DataControl-psm-1"
          data-table-data-cell="1"
          key="data-cell-0-0"
        >
          1
        </WithStyles(ForwardRef(TableCell))>
        <WithStyles(ForwardRef(TableCell))
          align="right"
          className="DataControl-psm-1"
          data-table-data-cell="1"
          key="data-cell-0-1"
        >
          2
        </WithStyles(ForwardRef(TableCell))>
        <WithStyles(ForwardRef(TableCell))
          align="right"
          className="DataControl-borderRight-21 DataControl-psm-1"
          data-table-data-cell="1"
          key="data-cell-0-2"
        >
          3
        </WithStyles(ForwardRef(TableCell))>
        <WithStyles(ForwardRef(TableCell))
          align="right"
          className="DataControl-psm-1"
          data-table-data-cell="1"
          key="data-cell-0-3"
        />
        <WithStyles(ForwardRef(TableCell))
          align="right"
          className="DataControl-psm-1"
          data-table-data-cell="1"
          key="data-cell-0-4"
        />
        <WithStyles(ForwardRef(TableCell))
          align="right"
          className="DataControl-borderRight-21 DataControl-psm-1"
          data-table-data-cell="1"
          key="data-cell-0-5"
        />
        <WithStyles(ForwardRef(TableCell))
          align="right"
          className="DataControl-psm-1"
          data-table-data-cell="1"
          key="data-cell-0-6"
        />
      </WithStyles(ForwardRef(TableRow))>
      <WithStyles(ForwardRef(TableRow))
        data-table-data-row="1"
        key="data-row1"
      >
        <WithStyles(ForwardRef(TableCell))
          align="right"
          className="DataControl-psm-1"
          data-table-data-cell="1"
          key="data-cell-1-0"
        >
          4
        </WithStyles(ForwardRef(TableCell))>
        <WithStyles(ForwardRef(TableCell))
          align="right"
          className="DataControl-psm-1"
          data-table-data-cell="1"
          key="data-cell-1-1"
        >
          5
        </WithStyles(ForwardRef(TableCell))>
        <WithStyles(ForwardRef(TableCell))
          align="right"
          className="DataControl-borderRight-21 DataControl-psm-1"
          data-table-data-cell="1"
          key="data-cell-1-2"
        >
          6
        </WithStyles(ForwardRef(TableCell))>
        <WithStyles(ForwardRef(TableCell))
          align="right"
          className="DataControl-psm-1"
          data-table-data-cell="1"
          key="data-cell-1-3"
        />
        <WithStyles(ForwardRef(TableCell))
          align="right"
          className="DataControl-psm-1"
          data-table-data-cell="1"
          key="data-cell-1-4"
        />
        <WithStyles(ForwardRef(TableCell))
          align="right"
          className="DataControl-borderRight-21 DataControl-psm-1"
          data-table-data-cell="1"
          key="data-cell-1-5"
        />
        <WithStyles(ForwardRef(TableCell))
          align="right"
          className="DataControl-psm-1"
          data-table-data-cell="1"
          key="data-cell-1-6"
        />
      </WithStyles(ForwardRef(TableRow))>
      <WithStyles(ForwardRef(TableRow))
        data-table-data-row="1"
        key="data-row2"
      >
        <WithStyles(ForwardRef(TableCell))
          align="right"
          className="DataControl-psm-1"
          data-table-data-cell="1"
          key="data-cell-2-0"
        >
          7
        </WithStyles(ForwardRef(TableCell))>
        <WithStyles(ForwardRef(TableCell))
          align="right"
          className="DataControl-psm-1"
          data-table-data-cell="1"
          key="data-cell-2-1"
        >
          8
        </WithStyles(ForwardRef(TableCell))>
        <WithStyles(ForwardRef(TableCell))
          align="right"
          className="DataControl-borderRight-21 DataControl-psm-1"
          data-table-data-cell="1"
          key="data-cell-2-2"
        >
          9
        </WithStyles(ForwardRef(TableCell))>
        <WithStyles(ForwardRef(TableCell))
          align="right"
          className="DataControl-psm-1"
          data-table-data-cell="1"
          key="data-cell-2-3"
        />
        <WithStyles(ForwardRef(TableCell))
          align="right"
          className="DataControl-psm-1"
          data-table-data-cell="1"
          key="data-cell-2-4"
        />
        <WithStyles(ForwardRef(TableCell))
          align="right"
          className="DataControl-borderRight-21 DataControl-psm-1"
          data-table-data-cell="1"
          key="data-cell-2-5"
        />
        <WithStyles(ForwardRef(TableCell))
          align="right"
          className="DataControl-psm-1"
          data-table-data-cell="1"
          key="data-cell-2-6"
        />
      </WithStyles(ForwardRef(TableRow))>
    </WithStyles(ForwardRef(TableBody))>
  </WithStyles(ForwardRef(Table))>
  <WithStyles(ForwardRef(Divider))
    className="DataControl-mt1-6 DataControl-mb1-10"
  />
  <ForwardRef
    color="primary"
    id="rand-data"
    onClick={[Function]}
  >
    Randomize
  </ForwardRef>
</Fragment>
`;
