// Jest Snapshot v1, https://goo.gl/fbAQLP

exports[`Visio renders correctly 1`] = `
<Card>
  <CardHeader
    color="info"
  >
    Data and Classifier Visualization
  </CardHeader>
  <CardBody
    className="makeStyles-pt2-3"
  >
    <_default />
    <Connect(WithStyles(Plot)) />
  </CardBody>
</Card>
`;
