// Jest Snapshot v1, https://goo.gl/fbAQLP

exports[`Datapoints renders correctly 1`] = `
<div
  className="datapoints card shadow"
>
  <div
    className="card-header py-3"
  >
    <h6
      className="m-0 font-weight-bold text-primary"
    >
      Data Point And Loss Values
    </h6>
  </div>
  <div
    className="card-body"
  >
    <article>
      <MathJaxProvider
        options={
          Object {
            "showMathMenu": false,
            "showMathMenuMSIE": false,
            "tex2jax": Object {
              "inlineMath": Array [],
            },
          }
        }
        script="https://cdnjs.cloudflare.com/ajax/libs/mathjax/2.7.4/MathJax.js?config=TeX-MML-AM_CHTML"
      >
        <p>
          Each row is loss due to one datapoint. The first three columns are the 2D data 
          <MathJaxNode
            formula="x_i"
            inline={true}
          />
           and the label 
          <MathJaxNode
            formula="y_i"
            inline={true}
          />
          . The next three columns are the three class scores from each classifier 
          <MathJaxNode
            formula="f(x_i;W,b)=Wx_i+b"
            inline={true}
          />
           (E.g., 
          <MathJaxNode
            formula="s[0] = x[0] * W[0,0] + x[1] * W[0,1] + b[0]"
            inline={true}
          />
          ). The last column is the data loss for a single example, 
          <MathJaxNode
            formula="L_i"
            inline={true}
          />
        </p>
      </MathJaxProvider>
      <div
        className="w-100"
        style={
          Object {
            "overflowY": "auto",
          }
        }
      >
        <table
          className="table small"
        >
          <thead>
            <tr>
              <th>
                X[0]
              </th>
              <th>
                X[1]
              </th>
              <th
                className="border-right"
              >
                y
              </th>
              <th>
                s[0]
              </th>
              <th>
                s[1]
              </th>
              <th
                className="border-right"
              >
                s[2]
              </th>
              <th>
                L
              </th>
            </tr>
          </thead>
          <tbody>
            <tr>
              <td
                colSpan="5"
              />
              <td>
                Mean:
              </td>
              <td
                data-target="mean_loss"
              />
            </tr>
          </tbody>
        </table>
        <hr />
        <table
          className="table"
        >
          <tbody>
            <tr>
              <td>
                Total data loss
              </td>
              <td
                data-target="mean_loss"
              />
            </tr>
            <tr>
              <td>
                Regularization loss
              </td>
              <td
                data-target="reg_loss"
              />
            </tr>
            <tr>
              <td>
                Total loss
              </td>
              <td
                data-target="total_loss"
              />
            </tr>
          </tbody>
        </table>
      </div>
    </article>
  </div>
</div>
`;
