// Jest Snapshot v1, https://goo.gl/fbAQLP

exports[`Header renders correctly 1`] = `
<header
  className="masthead bg-white"
>
  <div
    className="mx-auto text-center"
  >
    <h1
      className="mx-auto my-4 text-uppercase text-gray-700"
    >
      SVM Loss
    </h1>
    <h2
      className="text-gray-900 mx-auto mt-2 mb-5"
    >
      Linear Classifier Demo
    </h2>
  </div>
</header>
`;
