// Jest Snapshot v1, https://goo.gl/fbAQLP

exports[`ParamControl renders correctly 1`] = `
<ParamControl
  hyperparams={
    Object {
      "params": Object {
        "biases": Array [
          -0.04,
          0.45,
          0.41,
        ],
        "weights": Array [
          Array [
            -2.05,
            -4.55,
          ],
          Array [
            -2.85,
            -4.34,
          ],
          Array [
            -0.87,
            2.87,
          ],
        ],
      },
    }
  }
>
  <div
    className="row"
    key="param-row-0"
  >
    <div
      className="col-xs-4 p-1"
      key="weight-0"
    >
      <div
        className="form-group"
      >
        <label
          className="small"
        >
          W[
          0
          ,
          0
          ]
        </label>
        <input
          className="form-control form-control-sm"
          onChange={[Function]}
          step="0.1"
          type="number"
          value={-2.05}
        />
        <span
          className="d-block text-red font-italic small"
        >
          0
        </span>
      </div>
    </div>
    <div
      className="col-xs-4 p-1"
      key="weight-1"
    >
      <div
        className="form-group"
      >
        <label
          className="small"
        >
          W[
          0
          ,
          1
          ]
        </label>
        <input
          className="form-control form-control-sm"
          onChange={[Function]}
          step="0.1"
          type="number"
          value={-4.55}
        />
        <span
          className="d-block text-red font-italic small"
        >
          0
        </span>
      </div>
    </div>
    <div
      className="col-xs-4 p-1"
      key="bias-0"
    >
      <div
        className="form-group"
      >
        <label
          className="small"
        >
          b[
          0
          ]
        </label>
        <input
          className="form-control form-control-sm"
          onChange={[Function]}
          step="0.1"
          type="number"
          value={-0.04}
        />
        <span
          className="d-block text-red font-italic small"
        >
          0
        </span>
      </div>
    </div>
  </div>
  <div
    className="row"
    key="param-row-1"
  >
    <div
      className="col-xs-4 p-1"
      key="weight-0"
    >
      <div
        className="form-group"
      >
        <label
          className="small"
        >
          W[
          1
          ,
          0
          ]
        </label>
        <input
          className="form-control form-control-sm"
          onChange={[Function]}
          step="0.1"
          type="number"
          value={-2.85}
        />
        <span
          className="d-block text-red font-italic small"
        >
          0
        </span>
      </div>
    </div>
    <div
      className="col-xs-4 p-1"
      key="weight-1"
    >
      <div
        className="form-group"
      >
        <label
          className="small"
        >
          W[
          1
          ,
          1
          ]
        </label>
        <input
          className="form-control form-control-sm"
          onChange={[Function]}
          step="0.1"
          type="number"
          value={-4.34}
        />
        <span
          className="d-block text-red font-italic small"
        >
          0
        </span>
      </div>
    </div>
    <div
      className="col-xs-4 p-1"
      key="bias-1"
    >
      <div
        className="form-group"
      >
        <label
          className="small"
        >
          b[
          1
          ]
        </label>
        <input
          className="form-control form-control-sm"
          onChange={[Function]}
          step="0.1"
          type="number"
          value={0.45}
        />
        <span
          className="d-block text-red font-italic small"
        >
          0
        </span>
      </div>
    </div>
  </div>
  <div
    className="row"
    key="param-row-2"
  >
    <div
      className="col-xs-4 p-1"
      key="weight-0"
    >
      <div
        className="form-group"
      >
        <label
          className="small"
        >
          W[
          2
          ,
          0
          ]
        </label>
        <input
          className="form-control form-control-sm"
          onChange={[Function]}
          step="0.1"
          type="number"
          value={-0.87}
        />
        <span
          className="d-block text-red font-italic small"
        >
          0
        </span>
      </div>
    </div>
    <div
      className="col-xs-4 p-1"
      key="weight-1"
    >
      <div
        className="form-group"
      >
        <label
          className="small"
        >
          W[
          2
          ,
          1
          ]
        </label>
        <input
          className="form-control form-control-sm"
          onChange={[Function]}
          step="0.1"
          type="number"
          value={2.87}
        />
        <span
          className="d-block text-red font-italic small"
        >
          0
        </span>
      </div>
    </div>
    <div
      className="col-xs-4 p-1"
      key="bias-2"
    >
      <div
        className="form-group"
      >
        <label
          className="small"
        >
          b[
          2
          ]
        </label>
        <input
          className="form-control form-control-sm"
          onChange={[Function]}
          step="0.1"
          type="number"
          value={0.41}
        />
        <span
          className="d-block text-red font-italic small"
        >
          0
        </span>
      </div>
    </div>
  </div>
</ParamControl>
`;
