// Jest Snapshot v1, https://goo.gl/fbAQLP

exports[`ParamControl renders correctly 1`] = `
<ParamControl
  hyperparams={
    Object {
      "biases": Array [
        -0.04,
        0.45,
        0.41,
      ],
      "weights": Array [
        Array [
          -2.05,
          -4.55,
        ],
        Array [
          -2.85,
          -4.34,
        ],
        Array [
          -0.87,
          2.87,
        ],
      ],
    }
  }
>
  <div />
</ParamControl>
`;
