// Jest Snapshot v1, https://goo.gl/fbAQLP

exports[`ParamControl renders correctly 1`] = `
<ContextProvider
  value={null}
>
  <ParamControl
    dispatch={[Function]}
    store={
      Object {
        "clearActions": [Function],
        "dispatch": [Function],
        "getActions": [Function],
        "getState": [Function],
        "replaceReducer": [Function],
        "subscribe": [Function],
      }
    }
  />
</ContextProvider>
`;
